Errors Here:


        BUS DATA LOADER
        ---------------
        1 - Load test data set
        2 - Load full data set
    
404 NOT FOUND
404 NOT FOUND
404 NOT FOUND
404 NOT FOUND
404 NOT FOUND
404 NOT FOUND
404 NOT FOUND
404 NOT FOUND
404 NOT FOUND
404 NOT FOUND
404 NOT FOUND
404 NOT FOUND
404 NOT FOUND
404 NOT FOUND
404 NOT FOUND
404 NOT FOUND
404 NOT FOUND
404 NOT FOUND
404 NOT FOUND
404 NOT FOUND
404 NOT FOUND
404 NOT FOUND
404 NOT FOUND
404 NOT FOUND
404 NOT FOUND
404 NOT FOUND
404 NOT FOUND
404 NOT FOUND
404 NOT FOUND
404 NOT FOUND
404 NOT FOUND
404 NOT FOUND
68 / 100 calls were succesful.

        BUS DATA LOADER
        ---------------
        1 - Load test data set
        2 - Load full data set
    
404 NOT FOUND
404 NOT FOUND
404 NOT FOUND
404 NOT FOUND
404 NOT FOUND
404 NOT FOUND
404 NOT FOUND
404 NOT FOUND
404 NOT FOUND
404 NOT FOUND
404 NOT FOUND
404 NOT FOUND
404 NOT FOUND
404 NOT FOUND
404 NOT FOUND
404 NOT FOUND
404 NOT FOUND
404 NOT FOUND
404 NOT FOUND
404 NOT FOUND
404 NOT FOUND
404 NOT FOUND
404 NOT FOUND
404 NOT FOUND
404 NOT FOUND
404 NOT FOUND
404 NOT FOUND
404 NOT FOUND
404 NOT FOUND
404 NOT FOUND
404 NOT FOUND
404 NOT FOUND
68 / 100 calls were succesful.

        BUS DATA LOADER
        ---------------
        1 - Load test data set
        2 - Load full data set
    
404 NOT FOUND
404 NOT FOUND
404 NOT FOUND
404 NOT FOUND
404 NOT FOUND
404 NOT FOUND
404 NOT FOUND
404 NOT FOUND
404 NOT FOUND
404 NOT FOUND
404 NOT FOUND
404 NOT FOUND
404 NOT FOUND
404 NOT FOUND
404 NOT FOUND
404 NOT FOUND
404 NOT FOUND
404 NOT FOUND
404 NOT FOUND
404 NOT FOUND
404 NOT FOUND
404 NOT FOUND
404 NOT FOUND
404 NOT FOUND
404 NOT FOUND
404 NOT FOUND
404 NOT FOUND
404 NOT FOUND
404 NOT FOUND
404 NOT FOUND
404 NOT FOUND
404 NOT FOUND
68 / 100 calls were succesful.

        BUS DATA LOADER
        ---------------
        1 - Load test data set
        2 - Load full data set
    
404 NOT FOUND
404 NOT FOUND
404 NOT FOUND
404 NOT FOUND
404 NOT FOUND
404 NOT FOUND
404 NOT FOUND
404 NOT FOUND
404 NOT FOUND
404 NOT FOUND
404 NOT FOUND
404 NOT FOUND
404 NOT FOUND
404 NOT FOUND
404 NOT FOUND
404 NOT FOUND
404 NOT FOUND
404 NOT FOUND
404 NOT FOUND
404 NOT FOUND
404 NOT FOUND
404 NOT FOUND
404 NOT FOUND
404 NOT FOUND
404 NOT FOUND
404 NOT FOUND
404 NOT FOUND
404 NOT FOUND
404 NOT FOUND
404 NOT FOUND
70 / 100 calls were succesful.

        BUS DATA LOADER
        ---------------
        1 - Load test data set
        2 - Load full data set
    
404 NOT FOUND
404 NOT FOUND
404 NOT FOUND
404 NOT FOUND
404 NOT FOUND
404 NOT FOUND
404 NOT FOUND
404 NOT FOUND
404 NOT FOUND
404 NOT FOUND
404 NOT FOUND
404 NOT FOUND
404 NOT FOUND
404 NOT FOUND
404 NOT FOUND
404 NOT FOUND
404 NOT FOUND
404 NOT FOUND
404 NOT FOUND
404 NOT FOUND
404 NOT FOUND
404 NOT FOUND
404 NOT FOUND
404 NOT FOUND
404 NOT FOUND
404 NOT FOUND
404 NOT FOUND
404 NOT FOUND
404 NOT FOUND
404 NOT FOUND
404 NOT FOUND
404 NOT FOUND
404 NOT FOUND
404 NOT FOUND
404 NOT FOUND
404 NOT FOUND
404 NOT FOUND
404 NOT FOUND
404 NOT FOUND
404 NOT FOUND
404 NOT FOUND
404 NOT FOUND
404 NOT FOUND
404 NOT FOUND
56 / 100 calls were succesful.

        BUS DATA LOADER
        ---------------
        1 - Load test data set
        2 - Load full data set
    
404 NOT FOUND
404 NOT FOUND
404 NOT FOUND
404 NOT FOUND
404 NOT FOUND
404 NOT FOUND
404 NOT FOUND
404 NOT FOUND
404 NOT FOUND
404 NOT FOUND
404 NOT FOUND
404 NOT FOUND
404 NOT FOUND
404 NOT FOUND
404 NOT FOUND
404 NOT FOUND
404 NOT FOUND
404 NOT FOUND
404 NOT FOUND
404 NOT FOUND
404 NOT FOUND
404 NOT FOUND
404 NOT FOUND
404 NOT FOUND
404 NOT FOUND
404 NOT FOUND
404 NOT FOUND
404 NOT FOUND
404 NOT FOUND
404 NOT FOUND
404 NOT FOUND
404 NOT FOUND
404 NOT FOUND
404 NOT FOUND
404 NOT FOUND
404 NOT FOUND
404 NOT FOUND
404 NOT FOUND
404 NOT FOUND
404 NOT FOUND
404 NOT FOUND
404 NOT FOUND
404 NOT FOUND
404 NOT FOUND
404 NOT FOUND
404 NOT FOUND
54 / 100 calls were succesful.

        BUS DATA LOADER
        ---------------
        1 - Load test data set
        2 - Load full data set
    
404 NOT FOUND
404 NOT FOUND
404 NOT FOUND
404 NOT FOUND
404 NOT FOUND
404 NOT FOUND
404 NOT FOUND
404 NOT FOUND
404 NOT FOUND
404 NOT FOUND
404 NOT FOUND
404 NOT FOUND
404 NOT FOUND
404 NOT FOUND
404 NOT FOUND
404 NOT FOUND
404 NOT FOUND
404 NOT FOUND
404 NOT FOUND
404 NOT FOUND
404 NOT FOUND
404 NOT FOUND
404 NOT FOUND
404 NOT FOUND
404 NOT FOUND
404 NOT FOUND
404 NOT FOUND
73 / 100 calls were succesful.

        BUS DATA LOADER
        ---------------
        1 - Load test data set
        2 - Load full data set
    
404 NOT FOUND
404 NOT FOUND
404 NOT FOUND
404 NOT FOUND
404 NOT FOUND
404 NOT FOUND
404 NOT FOUND
404 NOT FOUND
404 NOT FOUND
404 NOT FOUND
404 NOT FOUND
404 NOT FOUND
404 NOT FOUND
404 NOT FOUND
404 NOT FOUND
404 NOT FOUND
404 NOT FOUND
404 NOT FOUND
404 NOT FOUND
404 NOT FOUND
404 NOT FOUND
404 NOT FOUND
404 NOT FOUND
404 NOT FOUND
404 NOT FOUND
75 / 100 calls were succesful.
404 NOT FOUND
404 NOT FOUND
404 NOT FOUND
404 NOT FOUND
404 NOT FOUND
404 NOT FOUND
404 NOT FOUND
404 NOT FOUND
404 NOT FOUND
404 NOT FOUND
404 NOT FOUND
404 NOT FOUND
404 NOT FOUND
404 NOT FOUND
404 NOT FOUND
404 NOT FOUND
404 NOT FOUND
404 NOT FOUND
404 NOT FOUND
404 NOT FOUND
404 NOT FOUND
404 NOT FOUND
404 NOT FOUND
404 NOT FOUND
76 / 100 calls were succesful.
